I'm sorry, but errors were detected in your script. Please correct the
errors listed below, and try again.


File "game/options.rpy", line 53: invalid character '“' (U+201C)
    “audio/menu_music.mp3”
     ^

Ren'Py Version: Ren'Py 8.1.1.23060707
Mon Aug 21 22:59:16 2023
